// Jest Snapshot v1, https://goo.gl/fbAQLP

exports[`UserPageOne #render 1`] = `
<h1>
  foo
  's Profile
</h1>
`;
