// Jest Snapshot v1, https://goo.gl/fbAQLP

exports[`UserPageTwo #render 1`] = `
<h1>
  foo
  's Photos
</h1>
`;
